---
source: src/server/actix_server/hpo_sim/term_term.rs
expression: "&run_query(\"/hpo/sim/term-term?lhs=HP:0010442&rhs=HP:0001780\").await?"
---
- lhs: "HP:0010442"
  rhs: "HP:0001780"
  score: 1.2074362
  sim: "resnik::gene"

