---
source: src/server/actix_server/hpo_terms.rs
expression: "&run_query(\"/hpo/terms?name=guinal+hern&match=contains\").await?"
---
- term_id: "HP:0000023"
  name: Inguinal hernia

