---
source: src/server/actix_server/hpo_omims.rs
expression: "&run_query(\"/hpo/omims?omim_id=616145\").await?"
---
- omim_id: "OMIM:616145"
  name: Catel-Manzke syndrome

