---
source: src/server/actix_server/hpo_genes.rs
expression: "&run_query(\"/hpo/genes?gene_symbol=TGDS\").await?"
---
- gene_ncbi_id: 23483
  gene_symbol: TGDS

