---
source: src/server/actix_server/hpo_omims.rs
expression: "&run_query(\"/hpo/omims?name=tel-Manzke+syndrome&match=suffix\").await?"
---
- omim_id: "OMIM:616145"
  name: Catel-Manzke syndrome

