---
source: src/server/actix_server/hpo_genes.rs
expression: "&run_query(\"/hpo/genes?gene_id=2348&hpo_terms=true\").await?"
---
version:
  hpo: 2023-04-05
  viguno: 0.0.0
query:
  gene_id: "2348"
  gene_symbol: ~
  match_: ~
  max_results: 100
  hpo_terms: true
result:
  - gene_ncbi_id: 2348
    gene_symbol: FOLR1
    hgnc_id: "HGNC:3791"
    hpo_terms:
      - term_id: "HP:0000007"
        name: Autosomal recessive inheritance
        synonyms: ~
        definition: ~
        xrefs: ~
      - term_id: "HP:0001249"
        name: Intellectual disability
        synonyms: ~
        definition: ~
        xrefs: ~
      - term_id: "HP:0001250"
        name: Seizure
        synonyms: ~
        definition: ~
        xrefs: ~
      - term_id: "HP:0002180"
        name: Neurodegeneration
        synonyms: ~
        definition: ~
        xrefs: ~
      - term_id: "HP:0002376"
        name: Developmental regression
        synonyms: ~
        definition: ~
        xrefs: ~

