---
source: src/server/actix_server/hpo_terms.rs
expression: "&run_query(\"/hpo/terms?name=Inguinal+hern&match=prefix\").await?"
---
version:
  hpo: 2023-04-05
  viguno: 0.0.0
query:
  term_id: ~
  name: Inguinal hern
  match_: prefix
  max_results: 100
  genes: false
result:
  - term_id: "HP:0000023"
    name: Inguinal hernia

