---
source: src/server/run/hpo_genes.rs
expression: "&run_query(\"/hpo/genes?gene_symbol=TGDS\").await?"
---
version:
  hpo: 2023-04-05
  viguno: 0.0.0
query:
  gene_id: ~
  gene_symbol: TGDS
  match_: ~
  max_results: 100
  hpo_terms: false
result:
  - gene_ncbi_id: 23483
    gene_symbol: TGDS
    hgnc_id: "HGNC:20324"
